node.exe : npm warn Unknown env config "devdir". This will stop working in the next major version of npm. See `npm 
help npmrc` for supported config options.
At line:1 char:1
+ & "C:\Program Files\nodejs/node.exe" "C:\Program Files\nodejs/node_mo ...
+ ~~~~~~~~~~~~~~~~~~~~~~~~~~~~~~~~~~~~~~~~~~~~~~~~~~~~~~~~~~~~~~~~~~~~~
    + CategoryInfo          : NotSpecified: (npm warn Unknow...config options.:String) [], RemoteException
    + FullyQualifiedErrorId : NativeCommandError
 

> session-mirror@0.1.0 build
> npm run copy:sql:wasm && tsc -b && vite build

npm warn Unknown env config "devdir". This will stop working in the next major version of npm. See `npm help npmrc` 
for supported config options.

> session-mirror@0.1.0 copy:sql:wasm
> copyfiles -u 3 node_modules/sql.js/dist/sql-wasm.wasm public/assets

src/components/OnboardingTutorial.tsx(4,10): error TS2300: Duplicate identifier 'useSheetDragDismiss'.
src/components/OnboardingTutorial.tsx(4,31): error TS2300: Duplicate identifier 'readSheetSlideDistance'.
src/components/OnboardingTutorial.tsx(21,10): error TS2300: Duplicate identifier 'readSheetSlideDistance'.
src/components/OnboardingTutorial.tsx(21,34): error TS2300: Duplicate identifier 'useSheetDragDismiss'.
